
*** Running vivado
    with args -log top.vds -m64 -product Vivado -mode batch -messageDb vivado.pb -notrace -source top.tcl



****** Vivado v2024.1 (64-bit)
  **** SW Build 5076996 on Wed May 22 18:37:14 MDT 2024
  **** IP Build 5075265 on Wed May 22 21:45:21 MDT 2024
  **** SharedData Build 5076995 on Wed May 22 18:29:18 MDT 2024
  **** Start of session at: Mon Apr 27 11:27:49 2026
    ** Copyright 1986-2022 Xilinx, Inc. All Rights Reserved.
    ** Copyright 2022-2024 Advanced Micro Devices, Inc. All Rights Reserved.

source top.tcl -notrace
create_project: Time (s): cpu = 00:00:18 ; elapsed = 00:00:19 . Memory (MB): peak = 532.105 ; gain = 198.453
Command: read_checkpoint -auto_incremental -incremental C:/Users/utkarsh/Desktop/UT/DSD_Project/Sobel_Edge_Detection/Sobel_Edge_Detection.srcs/utils_1/imports/synth_1/line_buffer.dcp
INFO: [Vivado 12-5825] Read reference checkpoint from C:/Users/utkarsh/Desktop/UT/DSD_Project/Sobel_Edge_Detection/Sobel_Edge_Detection.srcs/utils_1/imports/synth_1/line_buffer.dcp for incremental synthesis
INFO: [Vivado 12-7989] Please ensure there are no constraint changes
Command: synth_design -top top -part xc7a100tcsg324-1
Starting synth_design
Attempting to get a license for feature 'Synthesis' and/or device 'xc7a100t'
INFO: [Common 17-349] Got license for feature 'Synthesis' and/or device 'xc7a100t'
INFO: [Device 21-403] Loading part xc7a100tcsg324-1
INFO: [Device 21-9227] Part: xc7a100tcsg324-1 does not have CEAM library.
INFO: [Designutils 20-5440] No compile time benefit to using incremental synthesis; A full resynthesis will be run
INFO: [Designutils 20-4379] Flow is switching to default flow due to incremental criteria not met. If you would like to alter this behaviour and have the flow terminate instead, please set the following parameter config_implementation {autoIncr.Synth.RejectBehavior Terminate}
INFO: [Synth 8-7079] Multithreading enabled for synth_design using a maximum of 2 processes.
INFO: [Synth 8-7078] Launching helper process for spawning children vivado processes
INFO: [Synth 8-7075] Helper process launched with PID 19320
---------------------------------------------------------------------------------
Starting RTL Elaboration : Time (s): cpu = 00:00:09 ; elapsed = 00:00:10 . Memory (MB): peak = 1416.406 ; gain = 449.934
---------------------------------------------------------------------------------
INFO: [Synth 8-6157] synthesizing module 'top' [C:/Users/utkarsh/Desktop/UT/DSD_Project/Sobel_Edge_Detection/Sobel_Edge_Detection.srcs/sources_1/new/top.v:1]
INFO: [Synth 8-6157] synthesizing module 'vga_controller' [C:/Users/utkarsh/Desktop/UT/DSD_Project/Sobel_Edge_Detection/Sobel_Edge_Detection.srcs/sources_1/new/vga_controller.v:1]
INFO: [Synth 8-6155] done synthesizing module 'vga_controller' (0#1) [C:/Users/utkarsh/Desktop/UT/DSD_Project/Sobel_Edge_Detection/Sobel_Edge_Detection.srcs/sources_1/new/vga_controller.v:1]
INFO: [Synth 8-6157] synthesizing module 'blk_mem_gen_0' [C:/Users/utkarsh/Desktop/UT/DSD_Project/Sobel_Edge_Detection/Sobel_Edge_Detection.runs/synth_1/.Xil/Vivado-10464-LAPTOP-E67LTRBF/realtime/blk_mem_gen_0_stub.v:6]
INFO: [Synth 8-6155] done synthesizing module 'blk_mem_gen_0' (0#1) [C:/Users/utkarsh/Desktop/UT/DSD_Project/Sobel_Edge_Detection/Sobel_Edge_Detection.runs/synth_1/.Xil/Vivado-10464-LAPTOP-E67LTRBF/realtime/blk_mem_gen_0_stub.v:6]
INFO: [Synth 8-6157] synthesizing module 'line_buffer' [C:/Users/utkarsh/Desktop/UT/DSD_Project/Sobel_Edge_Detection/Sobel_Edge_Detection.srcs/sources_1/new/line_buffer.v:1]
INFO: [Synth 8-6155] done synthesizing module 'line_buffer' (0#1) [C:/Users/utkarsh/Desktop/UT/DSD_Project/Sobel_Edge_Detection/Sobel_Edge_Detection.srcs/sources_1/new/line_buffer.v:1]
INFO: [Synth 8-6157] synthesizing module 'sobel' [C:/Users/utkarsh/Desktop/UT/DSD_Project/Sobel_Edge_Detection/Sobel_Edge_Detection.srcs/sources_1/new/sobel.v:1]
INFO: [Synth 8-6155] done synthesizing module 'sobel' (0#1) [C:/Users/utkarsh/Desktop/UT/DSD_Project/Sobel_Edge_Detection/Sobel_Edge_Detection.srcs/sources_1/new/sobel.v:1]
INFO: [Synth 8-6155] done synthesizing module 'top' (0#1) [C:/Users/utkarsh/Desktop/UT/DSD_Project/Sobel_Edge_Detection/Sobel_Edge_Detection.srcs/sources_1/new/top.v:1]
WARNING: [Synth 8-6014] Unused sequential element gx_reg was removed.  [C:/Users/utkarsh/Desktop/UT/DSD_Project/Sobel_Edge_Detection/Sobel_Edge_Detection.srcs/sources_1/new/sobel.v:19]
WARNING: [Synth 8-6014] Unused sequential element gy_reg was removed.  [C:/Users/utkarsh/Desktop/UT/DSD_Project/Sobel_Edge_Detection/Sobel_Edge_Detection.srcs/sources_1/new/sobel.v:20]
WARNING: [Synth 8-6014] Unused sequential element mag_reg was removed.  [C:/Users/utkarsh/Desktop/UT/DSD_Project/Sobel_Edge_Detection/Sobel_Edge_Detection.srcs/sources_1/new/sobel.v:22]
WARNING: [Synth 8-6014] Unused sequential element g_reg was removed.  [C:/Users/utkarsh/Desktop/UT/DSD_Project/Sobel_Edge_Detection/Sobel_Edge_Detection.srcs/sources_1/new/top.v:96]
WARNING: [Synth 8-6014] Unused sequential element b_reg was removed.  [C:/Users/utkarsh/Desktop/UT/DSD_Project/Sobel_Edge_Detection/Sobel_Edge_Detection.srcs/sources_1/new/top.v:97]
WARNING: [Synth 8-7129] Port p4[7] in module sobel is either unconnected or has no load
WARNING: [Synth 8-7129] Port p4[6] in module sobel is either unconnected or has no load
WARNING: [Synth 8-7129] Port p4[5] in module sobel is either unconnected or has no load
WARNING: [Synth 8-7129] Port p4[4] in module sobel is either unconnected or has no load
WARNING: [Synth 8-7129] Port p4[3] in module sobel is either unconnected or has no load
WARNING: [Synth 8-7129] Port p4[2] in module sobel is either unconnected or has no load
WARNING: [Synth 8-7129] Port p4[1] in module sobel is either unconnected or has no load
WARNING: [Synth 8-7129] Port p4[0] in module sobel is either unconnected or has no load
---------------------------------------------------------------------------------
Finished RTL Elaboration : Time (s): cpu = 00:00:12 ; elapsed = 00:00:13 . Memory (MB): peak = 1533.773 ; gain = 567.301
---------------------------------------------------------------------------------
---------------------------------------------------------------------------------
Start Handling Custom Attributes
---------------------------------------------------------------------------------
---------------------------------------------------------------------------------
Finished Handling Custom Attributes : Time (s): cpu = 00:00:12 ; elapsed = 00:00:13 . Memory (MB): peak = 1533.773 ; gain = 567.301
---------------------------------------------------------------------------------
---------------------------------------------------------------------------------
Finished RTL Optimization Phase 1 : Time (s): cpu = 00:00:12 ; elapsed = 00:00:13 . Memory (MB): peak = 1533.773 ; gain = 567.301
---------------------------------------------------------------------------------
Netlist sorting complete. Time (s): cpu = 00:00:00 ; elapsed = 00:00:00.009 . Memory (MB): peak = 1533.773 ; gain = 0.000
INFO: [Project 1-570] Preparing netlist for logic optimization

Processing XDC Constraints
Initializing timing engine
Parsing XDC File [c:/Users/utkarsh/Desktop/UT/DSD_Project/Sobel_Edge_Detection/Sobel_Edge_Detection.gen/sources_1/ip/blk_mem_gen_0/blk_mem_gen_0/blk_mem_gen_0_in_context.xdc] for cell 'bram'
Finished Parsing XDC File [c:/Users/utkarsh/Desktop/UT/DSD_Project/Sobel_Edge_Detection/Sobel_Edge_Detection.gen/sources_1/ip/blk_mem_gen_0/blk_mem_gen_0/blk_mem_gen_0_in_context.xdc] for cell 'bram'
Parsing XDC File [C:/Users/utkarsh/Desktop/UT/DSD_Project/Sobel_Edge_Detection/Sobel_Edge_Detection.srcs/constrs_1/new/top.xdc]
Finished Parsing XDC File [C:/Users/utkarsh/Desktop/UT/DSD_Project/Sobel_Edge_Detection/Sobel_Edge_Detection.srcs/constrs_1/new/top.xdc]
INFO: [Project 1-236] Implementation specific constraints were found while reading constraint file [C:/Users/utkarsh/Desktop/UT/DSD_Project/Sobel_Edge_Detection/Sobel_Edge_Detection.srcs/constrs_1/new/top.xdc]. These constraints will be ignored for synthesis but will be used in implementation. Impacted constraints are listed in the file [.Xil/top_propImpl.xdc].
Resolution: To avoid this warning, move constraints listed in [.Xil/top_propImpl.xdc] to another XDC file and exclude this new file from synthesis with the used_in_synthesis property (File Properties dialog in GUI) and re-run elaboration/synthesis.
Parsing XDC File [C:/Users/utkarsh/Desktop/UT/DSD_Project/Sobel_Edge_Detection/Sobel_Edge_Detection.runs/synth_1/dont_touch.xdc]
Finished Parsing XDC File [C:/Users/utkarsh/Desktop/UT/DSD_Project/Sobel_Edge_Detection/Sobel_Edge_Detection.runs/synth_1/dont_touch.xdc]
Completed Processing XDC Constraints

Netlist sorting complete. Time (s): cpu = 00:00:00 ; elapsed = 00:00:00 . Memory (MB): peak = 1626.555 ; gain = 0.000
INFO: [Project 1-111] Unisim Transformation Summary:
No Unisim elements were transformed.

Constraint Validation Runtime : Time (s): cpu = 00:00:00 ; elapsed = 00:00:00.006 . Memory (MB): peak = 1626.555 ; gain = 0.000
WARNING: [Timing 38-316] Clock period '20.000' specified during out-of-context synthesis of instance 'bram' at clock pin 'clka' is different from the actual clock period '10.000', this can lead to different synthesis results.
INFO: [Designutils 20-5440] No compile time benefit to using incremental synthesis; A full resynthesis will be run
INFO: [Designutils 20-4379] Flow is switching to default flow due to incremental criteria not met. If you would like to alter this behaviour and have the flow terminate instead, please set the following parameter config_implementation {autoIncr.Synth.RejectBehavior Terminate}
---------------------------------------------------------------------------------
Finished Constraint Validation : Time (s): cpu = 00:00:26 ; elapsed = 00:00:28 . Memory (MB): peak = 1626.914 ; gain = 660.441
---------------------------------------------------------------------------------
---------------------------------------------------------------------------------
Start Loading Part and Timing Information
---------------------------------------------------------------------------------
Loading part: xc7a100tcsg324-1
---------------------------------------------------------------------------------
Finished Loading Part and Timing Information : Time (s): cpu = 00:00:26 ; elapsed = 00:00:28 . Memory (MB): peak = 1626.914 ; gain = 660.441
---------------------------------------------------------------------------------
---------------------------------------------------------------------------------
Start Applying 'set_property' XDC Constraints
---------------------------------------------------------------------------------
Applied set_property KEEP_HIERARCHY = SOFT for bram. (constraint file  auto generated constraint).
---------------------------------------------------------------------------------
Finished applying 'set_property' XDC Constraints : Time (s): cpu = 00:00:26 ; elapsed = 00:00:28 . Memory (MB): peak = 1626.914 ; gain = 660.441
---------------------------------------------------------------------------------
---------------------------------------------------------------------------------
Finished RTL Optimization Phase 2 : Time (s): cpu = 00:00:27 ; elapsed = 00:00:29 . Memory (MB): peak = 1626.914 ; gain = 660.441
---------------------------------------------------------------------------------
---------------------------------------------------------------------------------
Start RTL Component Statistics 
---------------------------------------------------------------------------------
Detailed RTL Component Info : 
+---Adders : 
	   2 Input   12 Bit       Adders := 3     
	   2 Input   10 Bit       Adders := 2     
	   2 Input    8 Bit       Adders := 2     
	   2 Input    2 Bit       Adders := 2     
+---Registers : 
	               10 Bit    Registers := 2     
	                8 Bit    Registers := 11    
	                4 Bit    Registers := 1     
	                2 Bit    Registers := 2     
	                1 Bit    Registers := 6     
+---RAMs : 
	               2K Bit	(256 X 8 bit)          RAMs := 3     
+---Muxes : 
	   2 Input   16 Bit        Muxes := 1     
	   2 Input   12 Bit        Muxes := 2     
	   2 Input    4 Bit        Muxes := 1     
	   2 Input    1 Bit        Muxes := 1     
---------------------------------------------------------------------------------
Finished RTL Component Statistics 
---------------------------------------------------------------------------------
---------------------------------------------------------------------------------
Start Part Resource Summary
---------------------------------------------------------------------------------
Part Resources:
DSPs: 240 (col length:80)
BRAMs: 270 (col length: RAMB18 80 RAMB36 40)
---------------------------------------------------------------------------------
Finished Part Resource Summary
---------------------------------------------------------------------------------
---------------------------------------------------------------------------------
Start Cross Boundary and Area Optimization
---------------------------------------------------------------------------------
WARNING: [Synth 8-7080] Parallel synthesis criteria is not met
INFO: [Synth 8-3971] The signal "top/lb/line2_reg" was recognized as a true dual port RAM template.
---------------------------------------------------------------------------------
Finished Cross Boundary and Area Optimization : Time (s): cpu = 00:00:32 ; elapsed = 00:00:34 . Memory (MB): peak = 1626.914 ; gain = 660.441
---------------------------------------------------------------------------------
---------------------------------------------------------------------------------
Start ROM, RAM, DSP, Shift Register and Retiming Reporting
---------------------------------------------------------------------------------

Block RAM: Preliminary Mapping Report (see note below)
-------NONE-------
Note: The table above is a preliminary report that shows the Block RAMs at the current stage of the synthesis flow. Some Block RAMs may be reimplemented as non Block RAM primitives later in the synthesis flow. Multiple instantiated Block RAMs are reported only once. 

Distributed RAM: Preliminary Mapping Report (see note below)
+------------+--------------+-----------+----------------------+-----------------------------+
|Module Name | RTL Object   | Inference | Size (Depth x Width) | Primitives                  | 
+------------+--------------+-----------+----------------------+-----------------------------+
|top         | lb/line0_reg | Implied   | 256 x 8              | RAM128X1D x 16 RAM64M x 12  | 
|top         | lb/line1_reg | Implied   | 256 x 8              | RAM128X1D x 16 RAM64M x 12  | 
+------------+--------------+-----------+----------------------+-----------------------------+

Note: The table above is a preliminary report that shows the Distributed RAMs at the current stage of the synthesis flow. Some Distributed RAMs may be reimplemented as non Distributed RAM primitives later in the synthesis flow. Multiple instantiated RAMs are reported only once.
---------------------------------------------------------------------------------
Finished ROM, RAM, DSP, Shift Register and Retiming Reporting
---------------------------------------------------------------------------------
---------------------------------------------------------------------------------
Start Applying XDC Timing Constraints
---------------------------------------------------------------------------------
---------------------------------------------------------------------------------
Finished Applying XDC Timing Constraints : Time (s): cpu = 00:00:44 ; elapsed = 00:00:46 . Memory (MB): peak = 1626.914 ; gain = 660.441
---------------------------------------------------------------------------------
---------------------------------------------------------------------------------
Start Timing Optimization
---------------------------------------------------------------------------------
---------------------------------------------------------------------------------
Finished Timing Optimization : Time (s): cpu = 00:00:44 ; elapsed = 00:00:47 . Memory (MB): peak = 1626.914 ; gain = 660.441
---------------------------------------------------------------------------------
---------------------------------------------------------------------------------
Start ROM, RAM, DSP, Shift Register and Retiming Reporting
---------------------------------------------------------------------------------

Block RAM: Final Mapping Report
-------NONE-------

Distributed RAM: Final Mapping Report
+------------+--------------+-----------+----------------------+-----------------------------+
|Module Name | RTL Object   | Inference | Size (Depth x Width) | Primitives                  | 
+------------+--------------+-----------+----------------------+-----------------------------+
|top         | lb/line0_reg | Implied   | 256 x 8              | RAM128X1D x 16 RAM64M x 12  | 
|top         | lb/line1_reg | Implied   | 256 x 8              | RAM128X1D x 16 RAM64M x 12  | 
+------------+--------------+-----------+----------------------+-----------------------------+

---------------------------------------------------------------------------------
Finished ROM, RAM, DSP, Shift Register and Retiming Reporting
---------------------------------------------------------------------------------
---------------------------------------------------------------------------------
Start Technology Mapping
---------------------------------------------------------------------------------
INFO: [Synth 8-7052] The timing for the instance lb/line2_reg_1 (implemented as a Block RAM) might be sub-optimal as no optional output register could be merged into the ram block. Providing additional output register may help in improving timing.
INFO: [Synth 8-7052] The timing for the instance lb/line2_reg_1 (implemented as a Block RAM) might be sub-optimal as no optional output register could be merged into the ram block. Providing additional output register may help in improving timing.
INFO: [Synth 8-7052] The timing for the instance lb/line2_reg_2 (implemented as a Block RAM) might be sub-optimal as no optional output register could be merged into the ram block. Providing additional output register may help in improving timing.
---------------------------------------------------------------------------------
Finished Technology Mapping : Time (s): cpu = 00:00:45 ; elapsed = 00:00:47 . Memory (MB): peak = 1626.914 ; gain = 660.441
---------------------------------------------------------------------------------
---------------------------------------------------------------------------------
Start IO Insertion
---------------------------------------------------------------------------------
---------------------------------------------------------------------------------
Start Flattening Before IO Insertion
---------------------------------------------------------------------------------
---------------------------------------------------------------------------------
Finished Flattening Before IO Insertion
---------------------------------------------------------------------------------
---------------------------------------------------------------------------------
Start Final Netlist Cleanup
---------------------------------------------------------------------------------
---------------------------------------------------------------------------------
Finished Final Netlist Cleanup
---------------------------------------------------------------------------------
---------------------------------------------------------------------------------
Finished IO Insertion : Time (s): cpu = 00:00:53 ; elapsed = 00:00:56 . Memory (MB): peak = 1626.914 ; gain = 660.441
---------------------------------------------------------------------------------
---------------------------------------------------------------------------------
Start Renaming Generated Instances
---------------------------------------------------------------------------------
---------------------------------------------------------------------------------
Finished Renaming Generated Instances : Time (s): cpu = 00:00:53 ; elapsed = 00:00:56 . Memory (MB): peak = 1626.914 ; gain = 660.441
---------------------------------------------------------------------------------
---------------------------------------------------------------------------------
Start Rebuilding User Hierarchy
---------------------------------------------------------------------------------
---------------------------------------------------------------------------------
Finished Rebuilding User Hierarchy : Time (s): cpu = 00:00:53 ; elapsed = 00:00:56 . Memory (MB): peak = 1626.914 ; gain = 660.441
---------------------------------------------------------------------------------
---------------------------------------------------------------------------------
Start Renaming Generated Ports
---------------------------------------------------------------------------------
---------------------------------------------------------------------------------
Finished Renaming Generated Ports : Time (s): cpu = 00:00:53 ; elapsed = 00:00:56 . Memory (MB): peak = 1626.914 ; gain = 660.441
---------------------------------------------------------------------------------
---------------------------------------------------------------------------------
Start Handling Custom Attributes
---------------------------------------------------------------------------------
---------------------------------------------------------------------------------
Finished Handling Custom Attributes : Time (s): cpu = 00:00:53 ; elapsed = 00:00:56 . Memory (MB): peak = 1626.914 ; gain = 660.441
---------------------------------------------------------------------------------
---------------------------------------------------------------------------------
Start Renaming Generated Nets
---------------------------------------------------------------------------------
---------------------------------------------------------------------------------
Finished Renaming Generated Nets : Time (s): cpu = 00:00:53 ; elapsed = 00:00:56 . Memory (MB): peak = 1626.914 ; gain = 660.441
---------------------------------------------------------------------------------
---------------------------------------------------------------------------------
Start Writing Synthesis Report
---------------------------------------------------------------------------------

Report BlackBoxes: 
+------+--------------+----------+
|      |BlackBox name |Instances |
+------+--------------+----------+
|1     |blk_mem_gen_0 |         1|
+------+--------------+----------+

Report Cell Usage: 
+------+------------+------+
|      |Cell        |Count |
+------+------------+------+
|1     |blk_mem_gen |     1|
|2     |BUFG        |     1|
|3     |CARRY4      |    24|
|4     |LUT1        |     7|
|5     |LUT2        |    36|
|6     |LUT3        |    70|
|7     |LUT4        |    26|
|8     |LUT5        |    53|
|9     |LUT6        |    78|
|10    |RAM128X1D   |    32|
|11    |RAM64M      |    24|
|12    |RAMB18E1    |     2|
|13    |FDRE        |    93|
|14    |IBUF        |     2|
|15    |OBUF        |    14|
+------+------------+------+
---------------------------------------------------------------------------------
Finished Writing Synthesis Report : Time (s): cpu = 00:00:53 ; elapsed = 00:00:56 . Memory (MB): peak = 1626.914 ; gain = 660.441
---------------------------------------------------------------------------------
Synthesis finished with 0 errors, 0 critical warnings and 1 warnings.
Synthesis Optimization Runtime : Time (s): cpu = 00:00:37 ; elapsed = 00:00:52 . Memory (MB): peak = 1626.914 ; gain = 567.301
Synthesis Optimization Complete : Time (s): cpu = 00:00:53 ; elapsed = 00:00:56 . Memory (MB): peak = 1626.914 ; gain = 660.441
INFO: [Project 1-571] Translating synthesized netlist
Netlist sorting complete. Time (s): cpu = 00:00:00 ; elapsed = 00:00:00.014 . Memory (MB): peak = 1626.914 ; gain = 0.000
INFO: [Netlist 29-17] Analyzing 82 Unisim elements for replacement
INFO: [Netlist 29-28] Unisim Transformation completed in 0 CPU seconds
INFO: [Project 1-570] Preparing netlist for logic optimization
INFO: [Opt 31-138] Pushed 0 inverter(s) to 0 load pin(s).
Netlist sorting complete. Time (s): cpu = 00:00:00 ; elapsed = 00:00:00.001 . Memory (MB): peak = 1626.914 ; gain = 0.000
INFO: [Project 1-111] Unisim Transformation Summary:
  A total of 56 instances were transformed.
  RAM128X1D => RAM128X1D (MUXF7(x2), RAMD64E(x4)): 32 instances
  RAM64M => RAM64M (RAMD64E(x4)): 24 instances

Synth Design complete | Checksum: 1ae61b76
INFO: [Common 17-83] Releasing license: Synthesis
36 Infos, 15 Warnings, 0 Critical Warnings and 0 Errors encountered.
synth_design completed successfully
synth_design: Time (s): cpu = 00:01:04 ; elapsed = 00:01:08 . Memory (MB): peak = 1626.914 ; gain = 1077.090
Write ShapeDB Complete: Time (s): cpu = 00:00:00 ; elapsed = 00:00:00.005 . Memory (MB): peak = 1626.914 ; gain = 0.000
INFO: [Common 17-1381] The checkpoint 'C:/Users/utkarsh/Desktop/UT/DSD_Project/Sobel_Edge_Detection/Sobel_Edge_Detection.runs/synth_1/top.dcp' has been generated.
INFO: [Vivado 12-24828] Executing command : report_utilization -file top_utilization_synth.rpt -pb top_utilization_synth.pb
INFO: [Common 17-206] Exiting Vivado at Mon Apr 27 11:29:22 2026...
