Copyright 1986-2022 Xilinx, Inc. All Rights Reserved. Copyright 2022-2024 Advanced Micro Devices, Inc. All Rights Reserved.
---------------------------------------------------------------------------------------------------------------------------------------------
| Tool Version : Vivado v.2024.1 (win64) Build 5076996 Wed May 22 18:37:14 MDT 2024
| Date         : Mon Apr 27 11:31:06 2026
| Host         : LAPTOP-E67LTRBF running 64-bit major release  (build 9200)
| Command      : report_control_sets -verbose -file top_control_sets_placed.rpt
| Design       : top
| Device       : xc7a100t
---------------------------------------------------------------------------------------------------------------------------------------------

Control Set Information

Table of Contents
-----------------
1. Summary
2. Histogram
3. Flip-Flop Distribution
4. Detailed Control Set Information

1. Summary
----------

+----------------------------------------------------------+-------+
|                          Status                          | Count |
+----------------------------------------------------------+-------+
| Total control sets                                       |    15 |
|    Minimum number of control sets                        |    15 |
|    Addition due to synthesis replication                 |     0 |
|    Addition due to physical synthesis replication        |     0 |
| Unused register locations in slices containing registers |    24 |
+----------------------------------------------------------+-------+
* Control sets can be merged at opt_design using control_set_merge or merge_equivalent_drivers
** Run report_qor_suggestions for automated merging and remapping suggestions


2. Histogram
------------

+--------------------+-------+
|       Fanout       | Count |
+--------------------+-------+
| Total control sets |    15 |
| >= 0 to < 4        |     0 |
| >= 4 to < 6        |     2 |
| >= 6 to < 8        |     1 |
| >= 8 to < 10       |     2 |
| >= 10 to < 12      |     2 |
| >= 12 to < 14      |     1 |
| >= 14 to < 16      |     0 |
| >= 16              |     7 |
+--------------------+-------+
* Control sets can be remapped at either synth_design or opt_design


3. Flip-Flop Distribution
-------------------------

+--------------+-----------------------+------------------------+-----------------+--------------+
| Clock Enable | Synchronous Set/Reset | Asynchronous Set/Reset | Total Registers | Total Slices |
+--------------+-----------------------+------------------------+-----------------+--------------+
| No           | No                    | No                     |               7 |            5 |
| No           | No                    | Yes                    |               0 |            0 |
| No           | Yes                   | No                     |              17 |            7 |
| Yes          | No                    | No                     |              48 |           29 |
| Yes          | No                    | Yes                    |               0 |            0 |
| Yes          | Yes                   | No                     |              32 |           14 |
+--------------+-----------------------+------------------------+-----------------+--------------+


4. Detailed Control Set Information
-----------------------------------

+----------------+---------------------+--------------------+------------------+----------------+--------------+
|  Clock Signal  |    Enable Signal    |  Set/Reset Signal  | Slice Load Count | Bel Load Count | Bels / Slice |
+----------------+---------------------+--------------------+------------------+----------------+--------------+
|  clk_IBUF_BUFG | lb/lb_valid         | rst_IBUF           |                3 |              4 |         1.33 |
|  clk_IBUF_BUFG |                     | rst_IBUF           |                3 |              5 |         1.67 |
|  clk_IBUF_BUFG |                     |                    |                5 |              7 |         1.40 |
|  clk_IBUF_BUFG | vga/E[0]            | rst_IBUF           |                5 |              8 |         1.60 |
|  clk_IBUF_BUFG | vga/div_reg[0]_0[0] |                    |                6 |              8 |         1.33 |
|  clk_IBUF_BUFG | vga/y[9]_i_1_n_0    | rst_IBUF           |                3 |             10 |         3.33 |
|  clk_IBUF_BUFG | vga/div_reg[0]_0[0] | rst_IBUF           |                3 |             10 |         3.33 |
|  clk_IBUF_BUFG |                     | vga/video_on_reg_0 |                4 |             12 |         3.00 |
|  clk_IBUF_BUFG | vga/div_reg[1]_2    |                    |                6 |             24 |         4.00 |
|  clk_IBUF_BUFG | vga/div_reg[1]_3    |                    |                6 |             24 |         4.00 |
|  clk_IBUF_BUFG | vga/div_reg[1]_8    |                    |                6 |             24 |         4.00 |
|  clk_IBUF_BUFG | vga/div_reg[1]_1    |                    |                6 |             24 |         4.00 |
|  clk_IBUF_BUFG | lb/p8[7]_i_1_n_0    |                    |               23 |             40 |         1.74 |
|  clk_IBUF_BUFG | vga/div_reg[1]_4    |                    |               16 |             64 |         4.00 |
|  clk_IBUF_BUFG | vga/div_reg[1]_0    |                    |               16 |             64 |         4.00 |
+----------------+---------------------+--------------------+------------------+----------------+--------------+


